
1998
P1   PP1   37.0,  
P2   PP1   62.0,  
P3   PP1   37.0,  
1999
P1   PP2   37.0,  
P2   PP2   61.0,  
P3   PP2   56.0,  
2000
P1   PP2   2.0,  
P1   PP3   38.0,  
P2   PP1   6.0,  
P2   PP3   64.0,  
2001
P2   PP1   39.0,  
P2   PP2   46.0,  
P3   PP2   29.0,  
2002
P1   PP1   41.0,  
P2   PP3   50.0,  
P3   PP1   65.0,  
P3   PP2   40.0,  
P3   PP3   31.0,  