
		PP1   PP2   
CN   1998   1   1   1.0,  null,  
CN   1998   1   2   null,  null,  
CN   1998   1   4   null,  null,  
CN   1998   1   5   null,  null,  
CN   1998   1   7   null,  null,  
CN   1998   1   8   null,  null,  
CN   1998   1   10   null,  null,  
CN   1998   1   11   null,  null,  
CN   1998   2   1   null,  null,  
CN   1998   2   2   null,  null,  
CN   1998   2   4   null,  null,  
CN   1998   2   5   null,  null,  
CN   1998   2   7   null,  null,  
CN   1998   2   8   null,  null,  
CN   1998   2   10   null,  null,  
CN   1998   2   11   null,  null,  
CN   1998   3   1   null,  null,  
CN   1998   3   2   null,  null,  
CN   1998   3   4   null,  null,  
CN   1998   3   5   null,  null,  
CN   1998   3   7   null,  null,  
CN   1998   3   8   null,  null,  
CN   1998   3   10   null,  null,  
CN   1998   3   11   null,  null,  
CN   1998   4   1   null,  null,  
CN   1998   4   2   null,  null,  
CN   1998   4   4   null,  null,  
CN   1998   4   5   null,  null,  
CN   1998   4   7   null,  null,  
CN   1998   4   8   null,  null,  
CN   1998   4   10   null,  null,  
CN   1998   4   11   null,  null,  
CN   1999   1   1   null,  null,  
CN   1999   1   2   null,  null,  
CN   1999   1   4   null,  null,  
CN   1999   1   5   null,  null,  
CN   1999   1   7   null,  null,  
CN   1999   1   8   null,  null,  
CN   1999   1   10   null,  null,  
CN   1999   1   11   null,  null,  
CN   1999   2   1   null,  null,  
CN   1999   2   2   null,  null,  
CN   1999   2   4   null,  2.0,  
CN   1999   2   5   null,  null,  
CN   1999   2   7   null,  null,  
CN   1999   2   8   null,  null,  
CN   1999   2   10   null,  null,  
CN   1999   2   11   null,  null,  
CN   1999   3   1   null,  null,  
CN   1999   3   2   null,  null,  
CN   1999   3   4   null,  null,  
CN   1999   3   5   null,  null,  
CN   1999   3   7   null,  null,  
CN   1999   3   8   null,  null,  
CN   1999   3   10   null,  null,  
CN   1999   3   11   null,  null,  
CN   1999   4   1   null,  null,  
CN   1999   4   2   null,  null,  
CN   1999   4   4   null,  null,  
CN   1999   4   5   null,  null,  
CN   1999   4   7   null,  null,  
CN   1999   4   8   null,  null,  
CN   1999   4   10   null,  null,  
CN   1999   4   11   null,  null,  
CN   2000   1   1   null,  null,  
CN   2000   1   2   null,  null,  
CN   2000   1   4   null,  null,  
CN   2000   1   5   null,  null,  
CN   2000   1   7   null,  null,  
CN   2000   1   8   null,  null,  
CN   2000   1   10   null,  null,  
CN   2000   1   11   null,  null,  
CN   2000   2   1   null,  null,  
CN   2000   2   2   null,  null,  
CN   2000   2   4   null,  null,  
CN   2000   2   5   null,  null,  
CN   2000   2   7   null,  null,  
CN   2000   2   8   null,  null,  
CN   2000   2   10   null,  null,  
CN   2000   2   11   null,  null,  
CN   2000   3   1   null,  null,  
CN   2000   3   2   null,  null,  
CN   2000   3   4   null,  null,  
CN   2000   3   5   null,  null,  
CN   2000   3   7   null,  null,  
CN   2000   3   8   null,  null,  
CN   2000   3   10   null,  null,  
CN   2000   3   11   null,  null,  
CN   2000   4   1   null,  null,  
CN   2000   4   2   null,  null,  
CN   2000   4   4   null,  null,  
CN   2000   4   5   null,  null,  
CN   2000   4   7   null,  null,  
CN   2000   4   8   null,  null,  
CN   2000   4   10   null,  null,  
CN   2000   4   11   null,  null,  
JP   1998   1   1   null,  null,  
JP   1998   1   2   38.0,  null,  
JP   1998   1   4   null,  null,  
JP   1998   1   5   null,  null,  
JP   1998   1   7   null,  null,  
JP   1998   1   8   null,  null,  
JP   1998   1   10   null,  null,  
JP   1998   1   11   null,  null,  
JP   1998   2   1   null,  null,  
JP   1998   2   2   null,  null,  
JP   1998   2   4   null,  null,  
JP   1998   2   5   null,  null,  
JP   1998   2   7   null,  null,  
JP   1998   2   8   null,  null,  
JP   1998   2   10   null,  null,  
JP   1998   2   11   null,  null,  
JP   1998   3   1   null,  null,  
JP   1998   3   2   null,  null,  
JP   1998   3   4   null,  null,  
JP   1998   3   5   null,  null,  
JP   1998   3   7   null,  null,  
JP   1998   3   8   null,  null,  
JP   1998   3   10   null,  null,  
JP   1998   3   11   null,  null,  
JP   1998   4   1   null,  null,  
JP   1998   4   2   null,  null,  
JP   1998   4   4   null,  null,  
JP   1998   4   5   null,  null,  
JP   1998   4   7   null,  null,  
JP   1998   4   8   null,  null,  
JP   1998   4   10   null,  null,  
JP   1998   4   11   null,  null,  
JP   1999   1   1   null,  null,  
JP   1999   1   2   null,  null,  
JP   1999   1   4   null,  null,  
JP   1999   1   5   null,  null,  
JP   1999   1   7   null,  null,  
JP   1999   1   8   null,  null,  
JP   1999   1   10   null,  null,  
JP   1999   1   11   null,  null,  
JP   1999   2   1   null,  null,  
JP   1999   2   2   null,  null,  
JP   1999   2   4   null,  null,  
JP   1999   2   5   null,  null,  
JP   1999   2   7   null,  null,  
JP   1999   2   8   null,  null,  
JP   1999   2   10   null,  null,  
JP   1999   2   11   null,  null,  
JP   1999   3   1   null,  null,  
JP   1999   3   2   null,  null,  
JP   1999   3   4   null,  null,  
JP   1999   3   5   null,  null,  
JP   1999   3   7   null,  null,  
JP   1999   3   8   null,  null,  
JP   1999   3   10   null,  null,  
JP   1999   3   11   null,  null,  
JP   1999   4   1   null,  null,  
JP   1999   4   2   null,  null,  
JP   1999   4   4   null,  null,  
JP   1999   4   5   null,  null,  
JP   1999   4   7   null,  null,  
JP   1999   4   8   null,  null,  
JP   1999   4   10   null,  null,  
JP   1999   4   11   null,  null,  
JP   2000   1   1   null,  null,  
JP   2000   1   2   null,  null,  
JP   2000   1   4   null,  null,  
JP   2000   1   5   null,  null,  
JP   2000   1   7   null,  null,  
JP   2000   1   8   null,  null,  
JP   2000   1   10   null,  null,  
JP   2000   1   11   null,  null,  
JP   2000   2   1   null,  null,  
JP   2000   2   2   null,  null,  
JP   2000   2   4   null,  null,  
JP   2000   2   5   null,  null,  
JP   2000   2   7   null,  null,  
JP   2000   2   8   null,  null,  
JP   2000   2   10   null,  null,  
JP   2000   2   11   null,  null,  
JP   2000   3   1   null,  null,  
JP   2000   3   2   null,  null,  
JP   2000   3   4   null,  null,  
JP   2000   3   5   null,  null,  
JP   2000   3   7   null,  null,  
JP   2000   3   8   null,  null,  
JP   2000   3   10   null,  null,  
JP   2000   3   11   null,  null,  
JP   2000   4   1   null,  null,  
JP   2000   4   2   null,  null,  
JP   2000   4   4   null,  null,  
JP   2000   4   5   null,  null,  
JP   2000   4   7   null,  null,  
JP   2000   4   8   null,  null,  
JP   2000   4   10   null,  null,  
JP   2000   4   11   null,  39.0,  
UN   1998   1   1   null,  null,  
UN   1998   1   2   null,  null,  
UN   1998   1   4   null,  null,  
UN   1998   1   5   null,  null,  
UN   1998   1   7   null,  null,  
UN   1998   1   8   null,  null,  
UN   1998   1   10   null,  null,  
UN   1998   1   11   null,  null,  
UN   1998   2   1   null,  null,  
UN   1998   2   2   null,  null,  
UN   1998   2   4   null,  null,  
UN   1998   2   5   null,  null,  
UN   1998   2   7   null,  null,  
UN   1998   2   8   null,  null,  
UN   1998   2   10   null,  null,  
UN   1998   2   11   null,  null,  
UN   1998   3   1   null,  null,  
UN   1998   3   2   null,  null,  
UN   1998   3   4   null,  null,  
UN   1998   3   5   null,  null,  
UN   1998   3   7   null,  null,  
UN   1998   3   8   null,  null,  
UN   1998   3   10   null,  null,  
UN   1998   3   11   null,  null,  
UN   1998   4   1   null,  null,  
UN   1998   4   2   null,  null,  
UN   1998   4   4   null,  null,  
UN   1998   4   5   null,  null,  
UN   1998   4   7   null,  null,  
UN   1998   4   8   null,  null,  
UN   1998   4   10   null,  null,  
UN   1998   4   11   null,  null,  
UN   1999   1   1   null,  null,  
UN   1999   1   2   null,  null,  
UN   1999   1   4   null,  null,  
UN   1999   1   5   null,  null,  
UN   1999   1   7   null,  null,  
UN   1999   1   8   null,  null,  
UN   1999   1   10   null,  null,  
UN   1999   1   11   null,  null,  
UN   1999   2   1   null,  null,  
UN   1999   2   2   null,  null,  
UN   1999   2   4   null,  null,  
UN   1999   2   5   null,  null,  
UN   1999   2   7   null,  null,  
UN   1999   2   8   null,  null,  
UN   1999   2   10   null,  null,  
UN   1999   2   11   null,  null,  
UN   1999   3   1   null,  null,  
UN   1999   3   2   null,  null,  
UN   1999   3   4   null,  null,  
UN   1999   3   5   null,  null,  
UN   1999   3   7   null,  null,  
UN   1999   3   8   23.0,  null,  
UN   1999   3   10   null,  null,  
UN   1999   3   11   null,  null,  
UN   1999   4   1   null,  null,  
UN   1999   4   2   null,  null,  
UN   1999   4   4   null,  null,  
UN   1999   4   5   null,  null,  
UN   1999   4   7   null,  null,  
UN   1999   4   8   null,  null,  
UN   1999   4   10   null,  null,  
UN   1999   4   11   null,  null,  
UN   2000   1   1   null,  null,  
UN   2000   1   2   null,  null,  
UN   2000   1   4   null,  null,  
UN   2000   1   5   null,  null,  
UN   2000   1   7   null,  null,  
UN   2000   1   8   null,  null,  
UN   2000   1   10   null,  null,  
UN   2000   1   11   null,  null,  
UN   2000   2   1   null,  null,  
UN   2000   2   2   null,  null,  
UN   2000   2   4   null,  null,  
UN   2000   2   5   null,  null,  
UN   2000   2   7   null,  null,  
UN   2000   2   8   null,  null,  
UN   2000   2   10   null,  null,  
UN   2000   2   11   null,  null,  
UN   2000   3   1   null,  null,  
UN   2000   3   2   null,  null,  
UN   2000   3   4   null,  null,  
UN   2000   3   5   null,  null,  
UN   2000   3   7   null,  null,  
UN   2000   3   8   null,  null,  
UN   2000   3   10   null,  null,  
UN   2000   3   11   null,  null,  
UN   2000   4   1   null,  null,  
UN   2000   4   2   null,  null,  
UN   2000   4   4   null,  null,  
UN   2000   4   5   null,  null,  
UN   2000   4   7   null,  null,  
UN   2000   4   8   null,  null,  
UN   2000   4   10   null,  36.0,  
UN   2000   4   11   null,  null,  
US   1998   1   1   null,  null,  
US   1998   1   2   null,  null,  
US   1998   1   4   null,  null,  
US   1998   1   5   null,  null,  
US   1998   1   7   null,  null,  
US   1998   1   8   null,  null,  
US   1998   1   10   null,  null,  
US   1998   1   11   null,  null,  
US   1998   2   1   null,  null,  
US   1998   2   2   null,  null,  
US   1998   2   4   null,  null,  
US   1998   2   5   null,  null,  
US   1998   2   7   null,  null,  
US   1998   2   8   null,  null,  
US   1998   2   10   null,  null,  
US   1998   2   11   null,  null,  
US   1998   3   1   null,  null,  
US   1998   3   2   null,  null,  
US   1998   3   4   null,  null,  
US   1998   3   5   null,  null,  
US   1998   3   7   null,  null,  
US   1998   3   8   null,  null,  
US   1998   3   10   null,  null,  
US   1998   3   11   null,  null,  
US   1998   4   1   null,  null,  
US   1998   4   2   null,  null,  
US   1998   4   4   null,  null,  
US   1998   4   5   null,  null,  
US   1998   4   7   null,  null,  
US   1998   4   8   null,  null,  
US   1998   4   10   null,  null,  
US   1998   4   11   null,  null,  
US   1999   1   1   null,  null,  
US   1999   1   2   null,  null,  
US   1999   1   4   null,  null,  
US   1999   1   5   null,  null,  
US   1999   1   7   null,  null,  
US   1999   1   8   null,  null,  
US   1999   1   10   null,  null,  
US   1999   1   11   null,  null,  
US   1999   2   1   null,  null,  
US   1999   2   2   null,  null,  
US   1999   2   4   null,  null,  
US   1999   2   5   11.0,  null,  
US   1999   2   7   null,  null,  
US   1999   2   8   null,  null,  
US   1999   2   10   null,  null,  
US   1999   2   11   null,  null,  
US   1999   3   1   null,  null,  
US   1999   3   2   null,  null,  
US   1999   3   4   null,  null,  
US   1999   3   5   null,  null,  
US   1999   3   7   null,  16.0,  
US   1999   3   8   null,  null,  
US   1999   3   10   null,  null,  
US   1999   3   11   null,  null,  
US   1999   4   1   null,  null,  
US   1999   4   2   null,  null,  
US   1999   4   4   null,  null,  
US   1999   4   5   null,  null,  
US   1999   4   7   null,  null,  
US   1999   4   8   null,  null,  
US   1999   4   10   null,  null,  
US   1999   4   11   null,  null,  
US   2000   1   1   null,  null,  
US   2000   1   2   null,  null,  
US   2000   1   4   null,  null,  
US   2000   1   5   null,  null,  
US   2000   1   7   null,  null,  
US   2000   1   8   null,  null,  
US   2000   1   10   null,  null,  
US   2000   1   11   null,  null,  
US   2000   2   1   null,  null,  
US   2000   2   2   null,  null,  
US   2000   2   4   null,  null,  
US   2000   2   5   null,  null,  
US   2000   2   7   null,  null,  
US   2000   2   8   null,  null,  
US   2000   2   10   null,  null,  
US   2000   2   11   null,  null,  
US   2000   3   1   null,  null,  
US   2000   3   2   null,  null,  
US   2000   3   4   null,  null,  
US   2000   3   5   null,  null,  
US   2000   3   7   null,  null,  
US   2000   3   8   null,  null,  
US   2000   3   10   null,  null,  
US   2000   3   11   null,  null,  
US   2000   4   1   null,  null,  
US   2000   4   2   null,  null,  
US   2000   4   4   null,  null,  
US   2000   4   5   null,  null,  
US   2000   4   7   null,  null,  
US   2000   4   8   null,  null,  
US   2000   4   10   null,  null,  
US   2000   4   11   null,  null,  