
		PP1   PP2   
CN   1998   1   1   1.0,  null,  
CN   1998   1   2   null,  null,  
CN   1998   1   3   null,  null,  
CN   1998   2   4   null,  null,  
CN   1998   2   5   null,  null,  
CN   1998   2   6   null,  null,  
CN   1998   3   7   null,  null,  
CN   1998   3   8   null,  null,  
CN   1998   3   9   null,  null,  
CN   1998   4   10   null,  null,  
CN   1998   4   11   null,  null,  
CN   1998   4   12   null,  null,  
CN   1999   1   1   null,  null,  
CN   1999   1   2   null,  null,  
CN   1999   1   3   null,  null,  
CN   1999   2   4   null,  2.0,  
CN   1999   2   5   null,  null,  
CN   1999   2   6   null,  null,  
CN   1999   3   7   null,  null,  
CN   1999   3   8   null,  null,  
CN   1999   3   9   null,  null,  
CN   1999   4   10   null,  null,  
CN   1999   4   11   null,  null,  
CN   1999   4   12   null,  null,  
JP   1998   1   1   null,  null,  
JP   1998   1   2   38.0,  null,  
JP   1998   1   3   null,  null,  
JP   1998   2   4   null,  null,  
JP   1998   2   5   null,  null,  
JP   1998   2   6   null,  null,  
JP   1998   3   7   null,  null,  
JP   1998   3   8   null,  null,  
JP   1998   3   9   null,  null,  
JP   1998   4   10   null,  null,  
JP   1998   4   11   null,  null,  
JP   1998   4   12   null,  null,  
JP   2000   1   1   null,  null,  
JP   2000   1   2   null,  null,  
JP   2000   1   3   null,  null,  
JP   2000   2   4   null,  null,  
JP   2000   2   5   null,  null,  
JP   2000   2   6   null,  null,  
JP   2000   3   7   null,  null,  
JP   2000   3   8   null,  null,  
JP   2000   3   9   null,  null,  
JP   2000   4   10   null,  null,  
JP   2000   4   11   null,  39.0,  
JP   2000   4   12   null,  null,  
UN   1999   1   1   null,  null,  
UN   1999   1   2   null,  null,  
UN   1999   1   3   null,  null,  
UN   1999   2   4   null,  null,  
UN   1999   2   5   null,  null,  
UN   1999   2   6   null,  null,  
UN   1999   3   7   null,  null,  
UN   1999   3   8   23.0,  null,  
UN   1999   3   9   null,  null,  
UN   1999   4   10   null,  null,  
UN   1999   4   11   null,  null,  
UN   1999   4   12   null,  null,  
UN   2000   1   1   null,  null,  
UN   2000   1   2   null,  null,  
UN   2000   1   3   null,  null,  
UN   2000   2   4   null,  null,  
UN   2000   2   5   null,  null,  
UN   2000   2   6   null,  null,  
UN   2000   3   7   null,  null,  
UN   2000   3   8   null,  null,  
UN   2000   3   9   null,  null,  
UN   2000   4   10   null,  36.0,  
UN   2000   4   11   null,  null,  
UN   2000   4   12   null,  null,  
US   1999   1   1   null,  null,  
US   1999   1   2   null,  null,  
US   1999   1   3   null,  null,  
US   1999   2   4   null,  null,  
US   1999   2   5   11.0,  null,  
US   1999   2   6   null,  null,  
US   1999   3   7   null,  16.0,  
US   1999   3   8   null,  null,  
US   1999   3   9   null,  null,  
US   1999   4   10   null,  null,  
US   1999   4   11   null,  null,  
US   1999   4   12   null,  null,  