
		CN   CN   CN   CN   CN   CN   CN   CN   CN   CN   CN   CN   CN   CN   CN   CN   CN   CN   CN   CN   CN   CN   CN   CN   CN   CN   CN   CN   CN   CN   CN   CN   CN   CN   CN   CN   CN   CN   CN   CN   CN   CN   CN   CN   CN   CN   CN   CN   CN   CN   CN   CN   CN   CN   CN   CN   CN   CN   CN   CN   CN   CN   CN   CN   CN   CN   CN   CN   CN   CN   CN   CN   CN   CN   CN   CN   CN   CN   CN   CN   JP   JP   JP   JP   JP   JP   JP   JP   JP   JP   JP   JP   JP   JP   JP   JP   JP   JP   JP   JP   JP   JP   JP   JP   JP   JP   JP   JP   JP   JP   JP   JP   JP   JP   JP   JP   JP   JP   JP   JP   UN   UN   UN   UN   UN   UN   UN   UN   UN   UN   UN   UN   UN   UN   UN   UN   UN   UN   UN   UN   UN   UN   UN   UN   UN   UN   UN   UN   UN   UN   UN   UN   UN   UN   UN   UN   UN   UN   UN   UN   US   US   US   US   US   US   US   US   US   US   US   US   US   US   US   US   US   US   US   US   US   US   US   US   US   US   US   US   US   US   US   US   US   US   US   US   US   US   US   US   US   US   US   US   US   US   US   US   US   US   US   US   US   US   US   US   US   US   US   US   
		BJ   BJ   BJ   BJ   BJ   BJ   BJ   BJ   BJ   BJ   BJ   BJ   BJ   BJ   BJ   BJ   BJ   BJ   BJ   BJ   HZ   HZ   HZ   HZ   HZ   HZ   HZ   HZ   HZ   HZ   HZ   HZ   HZ   HZ   HZ   HZ   HZ   HZ   HZ   HZ   SH   SH   SH   SH   SH   SH   SH   SH   SH   SH   SH   SH   SH   SH   SH   SH   SH   SH   SH   SH   SZ   SZ   SZ   SZ   SZ   SZ   SZ   SZ   SZ   SZ   SZ   SZ   SZ   SZ   SZ   SZ   SZ   SZ   SZ   SZ   IL   IL   IL   IL   IL   IL   IL   IL   IL   IL   IL   IL   IL   IL   IL   IL   IL   IL   IL   IL   TK   TK   TK   TK   TK   TK   TK   TK   TK   TK   TK   TK   TK   TK   TK   TK   TK   TK   TK   TK   LD   LD   LD   LD   LD   LD   LD   LD   LD   LD   LD   LD   LD   LD   LD   LD   LD   LD   LD   LD   LP   LP   LP   LP   LP   LP   LP   LP   LP   LP   LP   LP   LP   LP   LP   LP   LP   LP   LP   LP   CS   CS   CS   CS   CS   CS   CS   CS   CS   CS   CS   CS   CS   CS   CS   CS   CS   CS   CS   CS   LA   LA   LA   LA   LA   LA   LA   LA   LA   LA   LA   LA   LA   LA   LA   LA   LA   LA   LA   LA   NY   NY   NY   NY   NY   NY   NY   NY   NY   NY   NY   NY   NY   NY   NY   NY   NY   NY   NY   NY   
		A1   A1   A1   A1   A1   A2   A2   A2   A2   A2   A3   A3   A3   A3   A3   A4   A4   A4   A4   A4   A1   A1   A1   A1   A1   A2   A2   A2   A2   A2   A3   A3   A3   A3   A3   A4   A4   A4   A4   A4   A1   A1   A1   A1   A1   A2   A2   A2   A2   A2   A3   A3   A3   A3   A3   A4   A4   A4   A4   A4   A1   A1   A1   A1   A1   A2   A2   A2   A2   A2   A3   A3   A3   A3   A3   A4   A4   A4   A4   A4   A1   A1   A1   A1   A1   A2   A2   A2   A2   A2   A3   A3   A3   A3   A3   A4   A4   A4   A4   A4   A1   A1   A1   A1   A1   A2   A2   A2   A2   A2   A3   A3   A3   A3   A3   A4   A4   A4   A4   A4   A1   A1   A1   A1   A1   A2   A2   A2   A2   A2   A3   A3   A3   A3   A3   A4   A4   A4   A4   A4   A1   A1   A1   A1   A1   A2   A2   A2   A2   A2   A3   A3   A3   A3   A3   A4   A4   A4   A4   A4   A1   A1   A1   A1   A1   A2   A2   A2   A2   A2   A3   A3   A3   A3   A3   A4   A4   A4   A4   A4   A1   A1   A1   A1   A1   A2   A2   A2   A2   A2   A3   A3   A3   A3   A3   A4   A4   A4   A4   A4   A1   A1   A1   A1   A1   A2   A2   A2   A2   A2   A3   A3   A3   A3   A3   A4   A4   A4   A4   A4   
		1998   1999   2000   2001   2002   1998   1999   2000   2001   2002   1998   1999   2000   2001   2002   1998   1999   2000   2001   2002   1998   1999   2000   2001   2002   1998   1999   2000   2001   2002   1998   1999   2000   2001   2002   1998   1999   2000   2001   2002   1998   1999   2000   2001   2002   1998   1999   2000   2001   2002   1998   1999   2000   2001   2002   1998   1999   2000   2001   2002   1998   1999   2000   2001   2002   1998   1999   2000   2001   2002   1998   1999   2000   2001   2002   1998   1999   2000   2001   2002   1998   1999   2000   2001   2002   1998   1999   2000   2001   2002   1998   1999   2000   2001   2002   1998   1999   2000   2001   2002   1998   1999   2000   2001   2002   1998   1999   2000   2001   2002   1998   1999   2000   2001   2002   1998   1999   2000   2001   2002   1998   1999   2000   2001   2002   1998   1999   2000   2001   2002   1998   1999   2000   2001   2002   1998   1999   2000   2001   2002   1998   1999   2000   2001   2002   1998   1999   2000   2001   2002   1998   1999   2000   2001   2002   1998   1999   2000   2001   2002   1998   1999   2000   2001   2002   1998   1999   2000   2001   2002   1998   1999   2000   2001   2002   1998   1999   2000   2001   2002   1998   1999   2000   2001   2002   1998   1999   2000   2001   2002   1998   1999   2000   2001   2002   1998   1999   2000   2001   2002   1998   1999   2000   2001   2002   1998   1999   2000   2001   2002   1998   1999   2000   2001   2002   1998   1999   2000   2001   2002   
P1   PP1   null,  null,  null,  null,  null,  null,  null,  null,  null,  null,  null,  null,  null,  null,  null,  null,  null,  null,  null,  null,  null,  null,  null,  null,  null,  null,  null,  null,  null,  null,  null,  null,  null,  null,  null,  null,  null,  null,  null,  null,  1.0,  null,  null,  null,  null,  null,  null,  null,  null,  null,  null,  null,  null,  null,  null,  null,  null,  null,  null,  null,  null,  null,  null,  null,  null,  null,  null,  null,  null,  null,  null,  null,  null,  null,  null,  null,  null,  null,  null,  null,1.0  null,  null,  null,  null,  null,  null,  null,  null,  null,  null,  null,  null,  null,  null,  null,  null,  null,  null,  null,  null,  null,  null,  null,  null,  null,  null,  null,  null,  null,  null,  null,  null,  null,  null,  null,  null,  null,  null,  null,  null,null  null,  null,  null,  null,  null,  null,  null,  null,  null,  null,  null,  null,  null,  null,  null,  null,  null,  null,  null,  null,  null,  null,  null,  null,  null,  null,  null,  null,  null,  null,  null,  null,  null,  null,  null,  null,  null,  null,  null,  null,null  null,  null,  null,  null,  null,  36.0,  null,  null,  null,  null,  null,  null,  null,  null,  null,  null,  null,  null,  null,  null,  null,  null,  null,  null,  null,  null,  null,  null,  null,  null,  null,  null,  null,  null,  null,  null,  null,  null,  null,  null,  null,  null,  null,  null,  41.0,  null,  null,  null,  null,  null,  null,  null,  null,  null,  null,  null,  null,  null,  null,  null,77.0  
P1   PP2   null,  null,  null,  null,  null,  null,  null,  null,  null,  null,  null,  null,  null,  null,  null,  null,  null,  null,  null,  null,  null,  null,  null,  null,  null,  null,  null,  null,  null,  null,  null,  null,  null,  null,  null,  null,  null,  null,  null,  null,  null,  null,  2.0,  null,  null,  null,  null,  null,  null,  null,  null,  null,  null,  null,  null,  null,  null,  null,  null,  null,  null,  null,  null,  null,  null,  null,  null,  null,  null,  null,  null,  null,  null,  null,  null,  null,  null,  null,  null,  null,2.0  null,  null,  null,  null,  null,  null,  null,  null,  null,  null,  null,  null,  null,  null,  null,  null,  null,  null,  null,  null,  null,  null,  null,  null,  null,  null,  null,  null,  null,  null,  null,  null,  null,  null,  null,  null,  null,  null,  null,  null,null  null,  null,  null,  null,  null,  null,  null,  null,  null,  null,  null,  null,  null,  null,  null,  null,  null,  null,  null,  null,  null,  null,  null,  null,  null,  null,  null,  null,  null,  null,  null,  null,  null,  null,  null,  null,  null,  null,  null,  null,null  null,  null,  null,  null,  null,  null,  null,  null,  null,  null,  null,  37.0,  null,  null,  null,  null,  null,  null,  null,  null,  null,  null,  null,  null,  null,  null,  null,  null,  null,  null,  null,  null,  null,  null,  null,  null,  null,  null,  null,  null,  null,  null,  null,  null,  null,  null,  null,  null,  null,  null,  null,  null,  null,  null,  null,  null,  null,  null,  null,  null,37.0  
P1   PP3   null,  null,  null,  null,  null,  null,  null,  null,  null,  null,  null,  null,  null,  null,  null,  null,  null,  null,  null,  null,  null,  null,  null,  null,  null,  null,  null,  null,  null,  null,  null,  null,  null,  null,  null,  null,  null,  null,  null,  null,  null,  null,  null,  null,  null,  null,  null,  null,  null,  null,  null,  null,  null,  null,  null,  null,  null,  null,  null,  null,  null,  null,  null,  null,  null,  null,  null,  null,  null,  null,  null,  null,  null,  null,  null,  null,  null,  null,  null,  null,null  null,  null,  null,  null,  null,  null,  null,  null,  null,  null,  null,  null,  null,  null,  null,  null,  null,  null,  null,  null,  null,  null,  null,  null,  null,  null,  null,  null,  null,  null,  null,  null,  null,  null,  null,  null,  null,  null,  null,  null,null  null,  null,  null,  null,  null,  null,  null,  null,  null,  null,  null,  null,  null,  null,  null,  null,  null,  null,  null,  null,  null,  null,  null,  null,  null,  null,  null,  null,  null,  null,  null,  null,  null,  null,  null,  null,  null,  null,  null,  null,null  null,  null,  null,  null,  null,  null,  null,  null,  null,  null,  null,  null,  null,  null,  null,  null,  null,  38.0,  null,  null,  null,  null,  null,  null,  null,  null,  null,  null,  null,  null,  null,  null,  null,  null,  null,  null,  null,  null,  null,  null,  null,  null,  null,  null,  null,  null,  null,  null,  null,  null,  null,  null,  null,  null,  null,  null,  null,  null,  null,  null,38.0  
P2   PP1   null,  null,  6.0,  null,  null,  null,  null,  null,  null,  null,  null,  null,  null,  null,  null,  null,  null,  null,  null,  null,  null,  null,  null,  null,  null,  null,  null,  null,  null,  null,  null,  null,  null,  null,  null,  null,  null,  null,  null,  null,  null,  null,  null,  null,  null,  null,  null,  null,  null,  null,  null,  null,  null,  null,  null,  null,  null,  null,  null,  null,  11.0,  null,  null,  null,  null,  null,  null,  null,  null,  null,  null,  null,  null,  null,  null,  null,  null,  null,  null,  null,17.0  null,  null,  null,  null,  null,  null,  null,  null,  null,  null,  null,  null,  null,  null,  null,  null,  null,  null,  null,  null,  null,  null,  null,  null,  null,  null,  null,  null,  null,  null,  null,  null,  null,  null,  null,  null,  null,  null,  null,  null,null  null,  null,  null,  null,  null,  null,  null,  null,  null,  null,  null,  null,  null,  null,  null,  null,  null,  null,  null,  null,  null,  null,  null,  null,  null,  null,  null,  null,  null,  null,  51.0,  null,  null,  null,  null,  null,  null,  null,  null,  null,51.0  null,  null,  null,  null,  null,  null,  null,  null,  null,  null,  null,  null,  null,  null,  null,  null,  null,  null,  39.0,  null,  null,  null,  null,  null,  null,  null,  null,  null,  null,  null,  null,  null,  null,  null,  null,  null,  null,  null,  null,  null,  null,  null,  null,  null,  null,  null,  null,  null,  null,  null,  null,  null,  null,  null,  null,  null,  null,  null,  null,  null,39.0  
P2   PP2   null,  null,  null,  null,  null,  null,  null,  null,  null,  null,  null,  null,  null,  null,  null,  null,  null,  null,  null,  null,  null,  null,  null,  null,  null,  null,  null,  null,  null,  null,  null,  null,  null,  null,  null,  null,  null,  null,  null,  null,  null,  null,  null,  null,  null,  null,  null,  null,  null,  null,  null,  null,  null,  null,  null,  null,  null,  null,  null,  null,  null,  null,  null,  null,  null,  null,  null,  null,  null,  null,  null,  null,  null,  null,  null,  null,  null,  null,  null,  null,null  null,  null,  null,  null,  null,  null,  null,  null,  null,  null,  null,  null,  null,  null,  null,  null,  61.0,  null,  null,  null,  null,  null,  null,  null,  null,  null,  null,  null,  null,  null,  null,  null,  null,  null,  null,  null,  null,  null,  null,  null,61.0  null,  null,  null,  46.0,  null,  null,  null,  null,  null,  null,  null,  null,  null,  null,  null,  null,  null,  null,  null,  null,  null,  null,  null,  null,  null,  null,  null,  null,  null,  null,  null,  null,  null,  null,  null,  null,  null,  null,  null,  null,46.0  null,  null,  null,  null,  null,  null,  null,  null,  null,  null,  null,  null,  null,  null,  null,  null,  null,  null,  null,  null,  null,  null,  null,  null,  null,  null,  null,  null,  null,  null,  null,  null,  null,  null,  null,  null,  null,  null,  null,  null,  null,  null,  null,  null,  null,  null,  null,  null,  null,  null,  null,  null,  null,  null,  null,  null,  null,  null,  null,  null,null  
P2   PP3   null,  null,  null,  null,  null,  null,  null,  null,  null,  null,  null,  null,  null,  null,  null,  null,  null,  null,  null,  null,  null,  null,  null,  null,  null,  null,  null,  null,  null,  null,  null,  null,  null,  null,  null,  null,  null,  null,  null,  null,  null,  null,  null,  null,  3.0,  null,  null,  null,  null,  null,  null,  null,  null,  null,  null,  null,  null,  null,  null,  null,  null,  null,  null,  null,  null,  null,  null,  null,  null,  null,  null,  null,  null,  null,  null,  null,  null,  null,  null,  null,3.0  null,  null,  null,  null,  null,  null,  null,  null,  null,  null,  null,  null,  null,  null,  null,  null,  null,  64.0,  null,  null,  null,  null,  null,  null,  null,  null,  null,  null,  null,  null,  null,  null,  null,  null,  null,  null,  null,  null,  null,  null,64.0  null,  null,  null,  null,  null,  null,  null,  null,  null,  null,  null,  null,  null,  null,  47.0,  null,  null,  null,  null,  null,  null,  null,  null,  null,  null,  null,  null,  null,  null,  null,  null,  null,  null,  null,  null,  null,  null,  null,  null,  null,47.0  null,  null,  null,  null,  null,  null,  null,  null,  null,  null,  null,  null,  null,  null,  null,  null,  null,  null,  null,  null,  null,  null,  null,  null,  null,  null,  null,  null,  null,  null,  null,  null,  null,  null,  null,  null,  null,  null,  null,  null,  null,  null,  null,  null,  null,  null,  null,  null,  null,  null,  null,  null,  null,  null,  null,  null,  null,  null,  null,  null,null  
P3   PP1   null,  null,  null,  null,  null,  null,  null,  null,  null,  null,  null,  null,  null,  null,  null,  null,  null,  null,  null,  null,  null,  null,  null,  null,  null,  16.0,  null,  null,  null,  null,  null,  null,  null,  null,  null,  null,  null,  null,  null,  null,  null,  null,  null,  null,  null,  null,  null,  null,  null,  null,  null,  null,  null,  null,  null,  null,  null,  null,  null,  null,  null,  null,  null,  null,  null,  null,  null,  null,  null,  null,  null,  null,  null,  null,  null,  null,  null,  null,  null,  null,16.0  null,  null,  null,  null,  null,  null,  null,  null,  null,  null,  null,  null,  null,  null,  null,  null,  null,  null,  null,  65.0,  null,  null,  null,  null,  null,  null,  null,  null,  null,  null,  null,  null,  null,  null,  null,  null,  null,  null,  null,  null,65.0  null,  null,  null,  null,  null,  null,  null,  null,  null,  null,  null,  null,  null,  null,  null,  null,  null,  null,  null,  null,  null,  null,  null,  null,  null,  null,  null,  null,  null,  null,  null,  null,  null,  null,  null,  null,  null,  null,  null,  null,null  null,  null,  null,  null,  null,  null,  null,  null,  null,  null,  null,  null,  null,  null,  null,  null,  null,  null,  null,  null,  null,  null,  null,  null,  null,  21.0,  null,  null,  null,  null,  null,  null,  null,  null,  null,  null,  null,  null,  null,  null,  null,  null,  null,  null,  null,  null,  null,  null,  null,  null,  null,  null,  null,  null,  null,  null,  null,  null,  null,  null,21.0  
P3   PP2   null,  null,  null,  7.0,  null,  null,  null,  null,  null,  null,  null,  null,  null,  null,  null,  null,  null,  null,  null,  null,  null,  null,  null,  null,  null,  null,  null,  null,  null,  null,  null,  null,  null,  null,  null,  null,  null,  null,  null,  null,  null,  null,  null,  null,  null,  null,  null,  null,  null,  null,  null,  null,  null,  null,  null,  null,  null,  null,  null,  null,  null,  null,  null,  null,  null,  null,  null,  null,  null,  null,  null,  null,  null,  null,  null,  null,  null,  null,  null,  null,7.0  null,  null,  null,  null,  null,  null,  null,  null,  null,  null,  null,  null,  null,  null,  null,  null,  null,  null,  null,  null,  null,  null,  null,  null,  null,  null,  null,  null,  null,  null,  null,  null,  null,  null,  null,  null,  56.0,  null,  null,  null,56.0  null,  null,  null,  null,  null,  null,  null,  null,  null,  null,  null,  null,  null,  null,  null,  null,  null,  null,  null,  null,  null,  null,  null,  null,  null,  null,  null,  null,  null,  null,  null,  null,  null,  null,  null,  null,  null,  null,  null,  null,null  null,  null,  null,  null,  null,  null,  null,  null,  null,  null,  null,  null,  null,  null,  null,  null,  null,  null,  null,  40.0,  null,  null,  null,  null,  null,  null,  null,  null,  22.0,  null,  null,  null,  null,  null,  null,  null,  null,  null,  null,  null,  null,  null,  null,  null,  null,  null,  null,  null,  null,  null,  null,  null,  null,  null,  null,  null,  null,  null,  null,  null,62.0  
P3   PP3   null,  null,  null,  null,  null,  null,  null,  null,  null,  null,  null,  null,  null,  null,  null,  null,  null,  null,  null,  8.0,  null,  null,  null,  null,  null,  null,  null,  null,  null,  null,  null,  null,  null,  null,  null,  null,  null,  null,  null,  null,  null,  null,  null,  null,  null,  null,  null,  null,  null,  null,  null,  null,  null,  null,  null,  null,  null,  null,  null,  null,  null,  null,  null,  null,  null,  null,  null,  null,  null,  null,  null,  null,  null,  null,  null,  null,  null,  null,  null,  null,8.0  null,  null,  null,  null,  null,  null,  null,  null,  null,  null,  null,  null,  null,  null,  null,  null,  null,  null,  null,  null,  null,  null,  null,  null,  null,  null,  null,  null,  null,  null,  null,  null,  null,  null,  null,  null,  null,  null,  null,  null,null  null,  null,  null,  null,  null,  null,  null,  null,  null,  null,  null,  null,  null,  null,  null,  null,  null,  null,  null,  null,  null,  null,  null,  null,  null,  null,  null,  null,  null,  null,  null,  null,  null,  null,  null,  null,  null,  null,  null,  null,null  null,  null,  null,  null,  null,  null,  null,  null,  null,  null,  null,  null,  null,  null,  null,  null,  null,  null,  null,  null,  null,  null,  null,  null,  null,  null,  null,  null,  null,  23.0,  null,  null,  null,  null,  null,  null,  null,  null,  null,  null,  null,  null,  null,  null,  null,  null,  null,  null,  null,  null,  null,  null,  null,  null,  null,  null,  null,  null,  null,  null,23.0  