
P1
		CN   CN   CN   CN   CN   US   US   US   US   US   US   US   US   US   US   US   US   US   US   US   US   US   US   US   US   
		SH   SH   SH   SH   SH   CS   CS   CS   CS   CS   CS   CS   CS   CS   CS   CS   CS   CS   CS   CS   NY   NY   NY   NY   NY   
		A1   A1   A1   A1   A1   A2   A2   A2   A2   A2   A3   A3   A3   A3   A3   A4   A4   A4   A4   A4   A1   A1   A1   A1   A1   
		1998   1999   2000   2001   2002   1998   1999   2000   2001   2002   1998   1999   2000   2001   2002   1998   1999   2000   2001   2002   1998   1999   2000   2001   2002   
PP1   1.0,  null,  null,  null,  null,  36.0,  null,  null,  null,  null,  null,  null,  null,  null,  null,  null,  null,  null,  null,  null,  null,  null,  null,  null,  41.0,  78.0&
PP2   null,  null,  2.0,  null,  null,  null,  null,  null,  null,  null,  null,  37.0,  null,  null,  null,  null,  null,  null,  null,  null,  null,  null,  null,  null,  null,  39.0&
PP3   null,  null,  null,  null,  null,  null,  null,  null,  null,  null,  null,  null,  null,  null,  null,  null,  null,  38.0,  null,  null,  null,  null,  null,  null,  null,  38.0&
columnGrandTotal  1.0   null   2.0   null   null   36.0   null   null   null   null   null   37.0   null   null   null   null   null   38.0   null   null   null   null   null   null   41.0   155.0
P2
		CN   CN   CN   CN   CN   CN   CN   CN   CN   CN   CN   CN   CN   CN   CN   JP   JP   JP   JP   JP   UN   UN   UN   UN   UN   UN   UN   UN   UN   UN   UN   UN   UN   UN   UN   US   US   US   US   US   
		BJ   BJ   BJ   BJ   BJ   SH   SH   SH   SH   SH   SZ   SZ   SZ   SZ   SZ   IL   IL   IL   IL   IL   LD   LD   LD   LD   LD   LD   LD   LD   LD   LD   LP   LP   LP   LP   LP   CS   CS   CS   CS   CS   
		A1   A1   A1   A1   A1   A1   A1   A1   A1   A1   A1   A1   A1   A1   A1   A4   A4   A4   A4   A4   A1   A1   A1   A1   A1   A3   A3   A3   A3   A3   A3   A3   A3   A3   A3   A4   A4   A4   A4   A4   
		1998   1999   2000   2001   2002   1998   1999   2000   2001   2002   1998   1999   2000   2001   2002   1998   1999   2000   2001   2002   1998   1999   2000   2001   2002   1998   1999   2000   2001   2002   1998   1999   2000   2001   2002   1998   1999   2000   2001   2002   
PP1   null,  null,  6.0,  null,  null,  null,  null,  null,  null,  null,  11.0,  null,  null,  null,  null,  null,  null,  null,  null,  null,  null,  null,  null,  null,  null,  null,  null,  null,  null,  null,  51.0,  null,  null,  null,  null,  null,  null,  null,  39.0,  null,  107.0&
PP2   null,  null,  null,  null,  null,  null,  null,  null,  null,  null,  null,  null,  null,  null,  null,  null,  61.0,  null,  null,  null,  null,  null,  null,  46.0,  null,  null,  null,  null,  null,  null,  null,  null,  null,  null,  null,  null,  null,  null,  null,  null,  107.0&
PP3   null,  null,  null,  null,  null,  null,  null,  null,  null,  3.0,  null,  null,  null,  null,  null,  null,  null,  64.0,  null,  null,  null,  null,  null,  null,  null,  null,  null,  null,  null,  47.0,  null,  null,  null,  null,  null,  null,  null,  null,  null,  null,  114.0&
columnGrandTotal  null   null   6.0   null   null   null   null   null   null   3.0   11.0   null   null   null   null   null   61.0   64.0   null   null   null   null   null   46.0   null   null   null   null   null   47.0   51.0   null   null   null   null   null   null   null   39.0   null   328.0
P3
		CN   CN   CN   CN   CN   CN   CN   CN   CN   CN   CN   CN   CN   CN   CN   JP   JP   JP   JP   JP   JP   JP   JP   JP   JP   US   US   US   US   US   US   US   US   US   US   
		BJ   BJ   BJ   BJ   BJ   BJ   BJ   BJ   BJ   BJ   HZ   HZ   HZ   HZ   HZ   IL   IL   IL   IL   IL   TK   TK   TK   TK   TK   CS   CS   CS   CS   CS   LA   LA   LA   LA   LA   
		A1   A1   A1   A1   A1   A4   A4   A4   A4   A4   A2   A2   A2   A2   A2   A4   A4   A4   A4   A4   A4   A4   A4   A4   A4   A4   A4   A4   A4   A4   A2   A2   A2   A2   A2   
		1998   1999   2000   2001   2002   1998   1999   2000   2001   2002   1998   1999   2000   2001   2002   1998   1999   2000   2001   2002   1998   1999   2000   2001   2002   1998   1999   2000   2001   2002   1998   1999   2000   2001   2002   
PP1   null,  null,  null,  null,  null,  null,  null,  null,  null,  null,  16.0,  null,  null,  null,  null,  null,  null,  null,  null,  65.0,  null,  null,  null,  null,  null,  null,  null,  null,  null,  null,  21.0,  null,  null,  null,  null,  102.0&
PP2   null,  null,  null,  7.0,  null,  null,  null,  null,  null,  null,  null,  null,  null,  null,  null,  null,  null,  null,  null,  null,  null,  56.0,  null,  null,  null,  null,  null,  null,  null,  40.0,  null,  null,  null,  22.0,  null,  125.0&
PP3   null,  null,  null,  null,  null,  null,  null,  null,  null,  8.0,  null,  null,  null,  null,  null,  null,  null,  null,  null,  null,  null,  null,  null,  null,  null,  null,  null,  null,  null,  null,  null,  null,  null,  null,  23.0,  31.0&
columnGrandTotal  null   null   null   7.0   null   null   null   null   null   8.0   16.0   null   null   null   null   null   null   null   null   65.0   null   56.0   null   null   null   null   null   null   null   40.0   21.0   null   null   22.0   23.0   258.0