*****A new Report Start!*****
S:0 E:0 CHINA    Shanghai    2004-06-01 00:00:00.0    100    <null>    100.0    

