US, New York, 2004-05-01 00:00:00.0
CHINA, Shanghai, 2004-06-01 00:00:00.0
US, New York, 2004-06-01 00:00:00.0
CHINA, Beijing, 2004-06-05 00:00:00.0
US, Chicago, 2004-05-05 00:00:00.0