CHINA, CHINA, 7000
US, US, 100
CHINA, CHINA, 100
US, US, 700
US, US, 100
CHINA, CHINA, 100
CHINA, CHINA, 400
US, US, 400
UK, UK, 600
UK, UK, 700
UK, UK, 800
UK, UK, 1000
