*****A new Report Start!*****
S:0 E:1 CHINA    Beijing    2004-01-01 00:00:00.0    7000    7000.0    
S:1 E:1 US    New York    2004-05-01 00:00:00.0    100    100.0    
S:1 E:1 CHINA    Shanghai    2004-06-01 00:00:00.0    100    100.0    
S:1 E:2 US    Chicago    2004-03-02 00:00:00.0    700    800.0    
S:2 E:1 US    New York    2004-06-01 00:00:00.0    100    800.0    
S:1 E:2 CHINA    Shanghai    2004-01-01 00:00:00.0    100    500.0    
S:2 E:1 CHINA    Beijing    2004-06-05 00:00:00.0    400    500.0    
S:1 E:0 US    Chicago    2004-05-05 00:00:00.0    400    400.0    

