*****A new Report Start!*****
S:0 E:3 CHINA    Beijing    2004-01-01 00:00:00.0    7000    2    4    8    7400.0    true    false    true    false    100.0    7000.0    250.0    100.0    100.0    100.0    0.9459459459459459    0.9210526315789473    0.7865168539325843    1.0    1.0    1.0    1    1    1    
S:3 E:2 CHINA    Beijing    2004-06-05 00:00:00.0    400    1    3    5    7400.0    false    true    false    true    100.0    7000.0    250.0    100.0    100.0    100.0    0.05405405405405406    0.05263157894736842    0.0449438202247191    0.0    0.6666666666666666    0.5714285714285714    2    2    2    
S:2 E:3 CHINA    Shanghai    2004-06-01 00:00:00.0    100    1    1    1    200.0    true    true    true    true    100.0    7000.0    250.0    100.0    100.0    100.0    0.5    0.013157894736842105    0.011235955056179775    0.0    0.0    0.0    1    3    3    
S:3 E:1 CHINA    Shanghai    2004-01-01 00:00:00.0    100    1    1    1    200.0    false    false    false    false    100.0    7000.0    250.0    100.0    100.0    100.0    0.5    0.013157894736842105    0.011235955056179775    0.0    0.0    0.0    2    4    4    
S:1 E:3 US    Chicago    2004-03-02 00:00:00.0    700    2    4    7    1100.0    true    false    true    false    100.0    7000.0    250.0    100.0    100.0    100.0    0.6363636363636364    0.5384615384615384    0.07865168539325842    1.0    1.0    0.8571428571428571    1    1    5    
S:3 E:2 US    Chicago    2004-05-05 00:00:00.0    400    1    3    5    1100.0    false    true    false    true    100.0    7000.0    250.0    100.0    100.0    100.0    0.36363636363636365    0.3076923076923077    0.0449438202247191    0.0    0.6666666666666666    0.5714285714285714    2    2    6    
S:2 E:3 US    New York    2004-05-01 00:00:00.0    100    1    1    1    200.0    true    true    true    true    100.0    7000.0    250.0    100.0    100.0    100.0    0.5    0.07692307692307693    0.011235955056179775    0.0    0.0    0.0    1    3    7    
S:3 E:0 US    New York    2004-06-01 00:00:00.0    100    1    1    1    200.0    false    false    false    false    100.0    7000.0    250.0    100.0    100.0    100.0    0.5    0.07692307692307693    0.011235955056179775    0.0    0.0    0.0    2    4    8    

