id                            amount1                       amount2                       
8                             80                            8000                          
9                             90                            9000                          
                              100                           10000                         
                              110                           11000                         
12                            120                           12000                         
                              130                           13000                         
                              140                           14000                         
15                            150                           15000                         
                              160                           16000                         
                              170                           17000                         
18                            180                           18000                         
                              190                           19000                         
                              200                           20000            