*****A new Report Start!*****
Customer Name:Bill  Address:NY
Starting Balance: $100.0
2005-01-01 10:00:00.0 1381231000           180 3.6 1 1 100.0 true 
2005-01-02 10:57:00.0 1381231000           80 1.6 1 1 100.0 false 
2005-01-05 10:53:20.0 1381231000           270 5.4 1 1 100.0 false 
2005-01-06 10:07:00.0 45234523             850 17.0 1 1 100.0 false 
2005-01-08 10:57:00.0 74621641             80 1.6 1 1 100.0 false 

Customer Name:Alan  Address:SH
Starting Balance: $10.5
2005-01-01 10:00:00.0 1381231000           180 3.6 2 2 10.5 false 
2005-01-02 10:57:00.0 1381231000           80 1.6 2 2 10.5 true 
2005-01-05 10:53:20.0 1381231000           270 5.4 2 2 10.5 true 
2005-01-06 10:07:00.0 45234523             850 17.0 2 2 10.5 false 
2005-01-08 10:57:00.0 74621641             80 1.6 2 2 10.5 false 

Customer Name:Mary  Address:SH
Starting Balance: $20.5
2005-01-01 10:00:00.0 1381231000           180 3.6 3 3 20.5 false 
2005-01-02 10:57:00.0 1381231000           80 1.6 3 3 20.5 false 
2005-01-05 10:53:20.0 1381231000           270 5.4 3 3 20.5 false 
2005-01-06 10:07:00.0 45234523             850 17.0 3 3 20.5 true 
2005-01-08 10:57:00.0 74621641             80 1.6 3 3 20.5 true 

