COUNTRY  CITY  SALE_DATE  AMOUNT  
CHINA  Beijing  2004-06-08 00:00:00.0  400  0
CHINA  Beijing  2004-06-07 00:00:00.0  400  1
CHINA  Beijing  2004-06-05 00:00:00.0  400  2
CHINA  Beijing  2004-01-01 00:00:00.0  7000  3
COUNTRY  CITY  SALE_DATE  AMOUNT  
CHINA  Beijing  2004-01-01 00:00:00.0  7000  0
