row result set:  CHINA Beijing 2004-01-01 00:00:00.0 7000 4 8200.0
row result set:  CHINA Beijing 2004-06-05 00:00:00.0 400 4 8200.0
row result set:  CHINA Beijing 2004-06-08 00:00:00.0 400 4 8200.0
row result set:  CHINA Beijing 2004-06-07 00:00:00.0 400 4 8200.0
