row result set:  US New York 2004-05-01 00:00:00.0 100 15 11700.0
row result set:  US Chicago 2004-03-02 00:00:00.0 700 15 11700.0
row result set:  US New York 2004-06-01 00:00:00.0 100 15 11700.0
row result set:  CHINA Beijing 2004-06-05 00:00:00.0 400 15 11700.0
row result set:  CHINA Beijing 2004-06-08 00:00:00.0 400 15 11700.0
