US  Chicago  2004-03-02 00:00:00.0  700  8  8900.0  2  2  3.0  5.0  12.0  0 0 0 1
US  Chicago  2004-05-05 00:00:00.0  400  8  8900.0  2  2  3.0  5.0  12.0  1 1 1 0
