COUNTRY_1  CITY_1  SALE_NAME_1  AMOUNT_1  TOTAL_COUNT_1  TOTAL_AMOUNT_1  
CHINA  Beijing  2004-01-01 00:00:00.0  7000  8  8900.0  0
CHINA  Beijing  2004-06-05 00:00:00.0  400  8  8900.0  1