CHINA  Beijing  2004-06-05 00:00:00.0  400  4  8500.0  0
      CHINA  Beijing  400  
      US  Chicago  400  
US  Chicago  2004-05-05 00:00:00.0  400  4  8500.0  1
      CHINA  Beijing  400  
      US  Chicago  400  
US  Chicago  2004-03-02 00:00:00.0  700  4  8500.0  2
      US  Chicago  700  
CHINA  Beijing  2004-01-01 00:00:00.0  7000  4  8500.0  3
      CHINA  Beijing  7000  

CHINA  Beijing  2004-06-05 00:00:00.0  400  4  8500.0  0 0
      CHINA  Beijing  400  
      US  Chicago  400  
US  Chicago  2004-05-05 00:00:00.0  400  4  8500.0  2 1
      CHINA  Beijing  400  
      US  Chicago  400  
US  Chicago  2004-03-02 00:00:00.0  700  4  8500.0  2
      US  Chicago  700  
CHINA  Beijing  2004-01-01 00:00:00.0  7000  4  8500.0  3
      CHINA  Beijing  7000  

