CHINA  Shanghai  2004-06-01 00:00:00.0  100  8  8900.0  2 0 0 3
CHINA  Shanghai  2004-01-01 00:00:00.0  100  8  8900.0  3 1 3 1
US  Chicago  2004-03-02 00:00:00.0  700  8  8900.0  4 2 1 3
US  Chicago  2004-05-05 00:00:00.0  400  8  8900.0  5 3 3 0
