
		US		US		US		UN		UN		JP		JP		CN		CN		CN		
		NY		LA		CS		LP		LD		TK		IL		SZ		SH		BJ		Total
2002		450.0		350.0		400.0		550.0		500.0		600.0		650.0		550.0		150.0		350.0		4550.0
2001		440.0		340.0		390.0		540.0		490.0		590.0		650.0		530.0		130.0		330.0		4430.0
2000		430.0		330.0		380.0		530.0		480.0		580.0		630.0		510.0		110.0		310.0		4290.0
1999		420.0		320.0		370.0		520.0		470.0		570.0		620.0		490.0		90.0		290.0		4160.0
1998		410.0		310.0		360.0		510.0		460.0		560.0		610.0		470.0		70.0		270.0		4030.0
Total		2150.0		1650.0		1900.0		2650.0		2400.0		2900.0		3160.0		2550.0		550.0		1550.0		21460.0