
		                                                                           CAR		MOTOR		PLANE		
CHINA		null		null		2003		1		1		1.0		null		null		
CHINA		null		null		2003		1		2		3.0		null		null		
CHINA		null		null		2004		2		4		2.0		null		null		
CHINA		null		null		2004		2		5		4.0		null		null		
FRANCE		STATE3		CITY5		2003		1		1		null		5.0		null		
FRANCE		STATE3		CITY6		2004		2		4		null		6.0		null		
FRANCE		STATE3		CITY7		2003		1		2		null		7.0		null		
FRANCE		STATE4		CITY8		2004		2		5		null		8.0		null		
USA		STATE5		null		2003		1		1		null		null		9.0		
USA		STATE5		null		2004		2		4		null		null		10.0		
USA		STATE6		null		2003		1		1		null		null		13.0		
USA		STATE6		null		2003		1		2		null		null		11.0		
USA		STATE6		null		2004		2		5		null		null		12.0		
USA		STATE7		null		2004		2		4		null		null		14.0		