Edge Cursor 0
0  
0  
0  

Edge Cursor 1
0  -1  -1  0  -1  -1  
0  -1  -1  0  0  0  
0  -1  -1  0  0  0  
0  0  0  0  -1  -1  
0  0  0  0  0  0  
0  0  0  0  -1  -1  
0  0  0  0  0  0  
0  -1  -1  0  -1  -1  
0  -1  -1  0  0  0  
0  -1  -1  0  0  0  

