
		CN		CN		CN		CN		CN		CN		JP		JP		UN		UN		US		US		US		
		BJ		BJ		SH		SH		SZ		SZ		IL		TK		LD		LP		CS		LA		NY		
		CP		HD		PD		ZJ		S1		S2		P1		F1		D1		E1		B1		A1		C1		
1998		
1999		
2000		
2001		
2002		