
		CN		CN		CN		CN		CN		CN		CN		CN		CN		CN		JP		JP		JP		JP		JP		UN		UN		UN		UN		UN		US		US		US		US		US		US		US		[Total]
		SH		SH		SH		BJ		BJ		BJ		SZ		SZ		SZ		[Total]		TK		TK		IL		IL		[Total]		LD		LD		LP		LP		[Total]		LA		LA		CS		CS		NY		NY		[Total]		
		PD		ZJ		[Total]		CP		HD		[Total]		S1		S2		[Total]		    		F1		[Total]		P1		[Total]		    		D1		[Total]		E1		[Total]		    		A1		[Total]		B1		[Total]		C1		[Total]		    		
1998		1.0		6.0		[7.0]		16.0		11.0		[27.0]		21.0		26.0		[47.0]		[81.0]		56.0		[56.0]		61.0		[61.0]		[117.0]		46.0		[46.0]		51.0		[51.0]		[97.0]		31.0		[31.0]		36.0		[36.0]		41.0		[41.0]		[108.0]		[403.0]
1999		2.0		7.0		[9.0]		17.0		12.0		[29.0]		22.0		27.0		[49.0]		[87.0]		57.0		[57.0]		62.0		[62.0]		[119.0]		47.0		[47.0]		52.0		[52.0]		[99.0]		32.0		[32.0]		37.0		[37.0]		42.0		[42.0]		[111.0]		[416.0]
2000		3.0		8.0		[11.0]		18.0		13.0		[31.0]		23.0		28.0		[51.0]		[93.0]		58.0		[58.0]		63.0		[63.0]		[121.0]		48.0		[48.0]		53.0		[53.0]		[101.0]		33.0		[33.0]		38.0		[38.0]		43.0		[43.0]		[114.0]		[429.0]
2001		4.0		9.0		[13.0]		19.0		14.0		[33.0]		24.0		29.0		[53.0]		[99.0]		59.0		[59.0]		65.0		[65.0]		[124.0]		49.0		[49.0]		54.0		[54.0]		[103.0]		34.0		[34.0]		39.0		[39.0]		44.0		[44.0]		[117.0]		[443.0]
2002		5.0		10.0		[15.0]		20.0		15.0		[35.0]		25.0		30.0		[55.0]		[105.0]		60.0		[60.0]		65.0		[65.0]		[125.0]		50.0		[50.0]		55.0		[55.0]		[105.0]		35.0		[35.0]		40.0		[40.0]		45.0		[45.0]		[120.0]		[455.0]
[Total]		15.0		40.0		[55.0]		90.0		65.0		[155.0]		115.0		140.0		[255.0]		[465.0]		290.0		[290.0]		316.0		[316.0]		[606.0]		240.0		[240.0]		265.0		[265.0]		[505.0]		165.0		[165.0]		190.0		[190.0]		215.0		[215.0]		[570.0]		[2146.0]		