CHINA, Beijing, CHINA, Beijing
CHINA, Beijing, CHINA, Beijing
CHINA, Beijing, CHINA, Beijing
CHINA, Beijing, CHINA, Beijing
CHINA, Shanghai, CHINA, Shanghai
CHINA, Shanghai, CHINA, Shanghai
CHINA, Shanghai, CHINA, Shanghai
CHINA, Shanghai, CHINA, Shanghai
